  Determining projects to restore...
C:\Users\obake\Downloads\GrandTour\system design projects\ride-sharing-system\src\Api\RideSharing.Api.csproj : warning NU1903: Package 'Npgsql' 8.0.0 has a known high severity vulnerability, https://github.com/advisories/GHSA-x9vc-6hfv-hg8c [C:\Users\obake\Downloads\GrandTour\system design projects\ride-sharing-system\ride-sharing-system.sln]
  All projects are up-to-date for restore.
C:\Users\obake\Downloads\GrandTour\system design projects\ride-sharing-system\src\Api\RideSharing.Api.csproj : warning NU1903: Package 'Npgsql' 8.0.0 has a known high severity vulnerability, https://github.com/advisories/GHSA-x9vc-6hfv-hg8c
C:\Users\obake\Downloads\GrandTour\system design projects\ride-sharing-system\src\Api\Middleware\Middleware.cs(4,31): error CS0234: The type or namespace name 'Services' does not exist in the namespace 'RideSharing.Application' (are you missing an assembly reference?) [C:\Users\obake\Downloads\GrandTour\system design projects\ride-sharing-system\src\Api\RideSharing.Api.csproj]
C:\Users\obake\Downloads\GrandTour\system design projects\ride-sharing-system\src\Api\Program.cs(3,31): error CS0234: The type or namespace name 'Services' does not exist in the namespace 'RideSharing.Application' (are you missing an assembly reference?) [C:\Users\obake\Downloads\GrandTour\system design projects\ride-sharing-system\src\Api\RideSharing.Api.csproj]
C:\Users\obake\Downloads\GrandTour\system design projects\ride-sharing-system\src\Api\Program.cs(6,34): error CS0234: The type or namespace name 'Messaging' does not exist in the namespace 'RideSharing.Infrastructure' (are you missing an assembly reference?) [C:\Users\obake\Downloads\GrandTour\system design projects\ride-sharing-system\src\Api\RideSharing.Api.csproj]
C:\Users\obake\Downloads\GrandTour\system design projects\ride-sharing-system\src\Application\Services\RideServices.cs(101,11): error CS8954: Source file can only contain one file-scoped namespace declaration. [C:\Users\obake\Downloads\GrandTour\system design projects\ride-sharing-system\src\Api\RideSharing.Api.csproj]
C:\Users\obake\Downloads\GrandTour\system design projects\ride-sharing-system\src\Infrastructure\Cache\RideShareCacheService.cs(157,11): error CS8954: Source file can only contain one file-scoped namespace declaration. [C:\Users\obake\Downloads\GrandTour\system design projects\ride-sharing-system\src\Api\RideSharing.Api.csproj]
C:\Users\obake\Downloads\GrandTour\system design projects\ride-sharing-system\src\Application\Services\RideServices.cs(229,11): error CS8954: Source file can only contain one file-scoped namespace declaration. [C:\Users\obake\Downloads\GrandTour\system design projects\ride-sharing-system\src\Api\RideSharing.Api.csproj]
C:\Users\obake\Downloads\GrandTour\system design projects\ride-sharing-system\src\Application\Services\RideServices.cs(268,11): error CS8954: Source file can only contain one file-scoped namespace declaration. [C:\Users\obake\Downloads\GrandTour\system design projects\ride-sharing-system\src\Api\RideSharing.Api.csproj]
C:\Users\obake\Downloads\GrandTour\system design projects\ride-sharing-system\src\Infrastructure\RideInfrastructure.cs(5,11): error CS8954: Source file can only contain one file-scoped namespace declaration. [C:\Users\obake\Downloads\GrandTour\system design projects\ride-sharing-system\src\Api\RideSharing.Api.csproj]
C:\Users\obake\Downloads\GrandTour\system design projects\ride-sharing-system\src\Infrastructure\RideInfrastructure.cs(14,11): error CS8954: Source file can only contain one file-scoped namespace declaration. [C:\Users\obake\Downloads\GrandTour\system design projects\ride-sharing-system\src\Api\RideSharing.Api.csproj]

Build FAILED.

C:\Users\obake\Downloads\GrandTour\system design projects\ride-sharing-system\src\Api\RideSharing.Api.csproj : warning NU1903: Package 'Npgsql' 8.0.0 has a known high severity vulnerability, https://github.com/advisories/GHSA-x9vc-6hfv-hg8c [C:\Users\obake\Downloads\GrandTour\system design projects\ride-sharing-system\ride-sharing-system.sln]
C:\Users\obake\Downloads\GrandTour\system design projects\ride-sharing-system\src\Api\RideSharing.Api.csproj : warning NU1903: Package 'Npgsql' 8.0.0 has a known high severity vulnerability, https://github.com/advisories/GHSA-x9vc-6hfv-hg8c
C:\Users\obake\Downloads\GrandTour\system design projects\ride-sharing-system\src\Api\Middleware\Middleware.cs(4,31): error CS0234: The type or namespace name 'Services' does not exist in the namespace 'RideSharing.Application' (are you missing an assembly reference?) [C:\Users\obake\Downloads\GrandTour\system design projects\ride-sharing-system\src\Api\RideSharing.Api.csproj]
C:\Users\obake\Downloads\GrandTour\system design projects\ride-sharing-system\src\Api\Program.cs(3,31): error CS0234: The type or namespace name 'Services' does not exist in the namespace 'RideSharing.Application' (are you missing an assembly reference?) [C:\Users\obake\Downloads\GrandTour\system design projects\ride-sharing-system\src\Api\RideSharing.Api.csproj]
C:\Users\obake\Downloads\GrandTour\system design projects\ride-sharing-system\src\Api\Program.cs(6,34): error CS0234: The type or namespace name 'Messaging' does not exist in the namespace 'RideSharing.Infrastructure' (are you missing an assembly reference?) [C:\Users\obake\Downloads\GrandTour\system design projects\ride-sharing-system\src\Api\RideSharing.Api.csproj]
C:\Users\obake\Downloads\GrandTour\system design projects\ride-sharing-system\src\Application\Services\RideServices.cs(101,11): error CS8954: Source file can only contain one file-scoped namespace declaration. [C:\Users\obake\Downloads\GrandTour\system design projects\ride-sharing-system\src\Api\RideSharing.Api.csproj]
C:\Users\obake\Downloads\GrandTour\system design projects\ride-sharing-system\src\Infrastructure\Cache\RideShareCacheService.cs(157,11): error CS8954: Source file can only contain one file-scoped namespace declaration. [C:\Users\obake\Downloads\GrandTour\system design projects\ride-sharing-system\src\Api\RideSharing.Api.csproj]
C:\Users\obake\Downloads\GrandTour\system design projects\ride-sharing-system\src\Application\Services\RideServices.cs(229,11): error CS8954: Source file can only contain one file-scoped namespace declaration. [C:\Users\obake\Downloads\GrandTour\system design projects\ride-sharing-system\src\Api\RideSharing.Api.csproj]
C:\Users\obake\Downloads\GrandTour\system design projects\ride-sharing-system\src\Application\Services\RideServices.cs(268,11): error CS8954: Source file can only contain one file-scoped namespace declaration. [C:\Users\obake\Downloads\GrandTour\system design projects\ride-sharing-system\src\Api\RideSharing.Api.csproj]
C:\Users\obake\Downloads\GrandTour\system design projects\ride-sharing-system\src\Infrastructure\RideInfrastructure.cs(5,11): error CS8954: Source file can only contain one file-scoped namespace declaration. [C:\Users\obake\Downloads\GrandTour\system design projects\ride-sharing-system\src\Api\RideSharing.Api.csproj]
C:\Users\obake\Downloads\GrandTour\system design projects\ride-sharing-system\src\Infrastructure\RideInfrastructure.cs(14,11): error CS8954: Source file can only contain one file-scoped namespace declaration. [C:\Users\obake\Downloads\GrandTour\system design projects\ride-sharing-system\src\Api\RideSharing.Api.csproj]
    2 Warning(s)
    9 Error(s)

Time Elapsed 00:00:04.11
